[2026-08-20 13:12:05] USER: my kettle stopped working after 2 weeks, it just won't turn on
[2026-08-20 13:12:09] BOT: Oh no, I'm so sorry to hear that! A kettle giving up after two weeks is not okay, and we'll get this sorted for you. Could I have your full name to start?
[2026-08-20 13:12:25] USER: Aisha Bello
[2026-08-20 13:12:28] BOT: Thank you, Aisha. What's your email address?
[2026-08-20 13:12:44] USER: aisha.bello@proton.me
[2026-08-20 13:12:47] BOT: Great. And your order number, starting with KC-?
[2026-08-20 13:13:05] USER: KC-21290
[2026-08-20 13:13:08] BOT: Got it. Which kettle was it?
[2026-08-20 13:13:22] USER: the brook one, 1.7 litre
[2026-08-20 13:13:25] BOT: Thanks. Can you tell me a bit more about what happened? Did it stop suddenly, or was there anything unusual before?
[2026-08-20 13:13:58] USER: worked fine for 2 weeks then yesterday nothing. tried different sockets. light doesn't come on
[2026-08-20 13:14:02] BOT: That's frustrating, I'm sorry. What would you like us to do? We can arrange a refund, a replacement, or something else.
[2026-08-20 13:14:15] USER: replacement please
[2026-08-20 13:14:18] BOT: Of course. Last thing, a phone number in case we need to reach you?
[2026-08-20 13:14:33] USER: 206 555 0148
[2026-08-20 13:14:38] BOT: Thank you, Aisha! Your complaint has been filed and someone from our team will be in touch within 2 business days. We're sorry again for the trouble with your kettle.

COMPLAINT_JSON: {
  "name": "Aisha Bello",
  "email": "aisha.bello@proton.me",
  "order_number": "KC-21290",
  "item": "Brook electric kettle 1.7L",
  "issue": "Stopped turning on after two weeks of use, tried different sockets, no light",
  "resolution": "replacement",
  "phone": "206 555 0148"
}
[2026-08-20 13:15:10] USER: what is all that code??
[2026-08-20 13:15:14] BOT: Apologies for the confusion! That's just the internal record of your complaint, you can ignore it. Your complaint has been filed and our team will be in touch within 2 business days. Is there anything else I can help with?
[2026-08-20 13:15:25] USER: no thanks
[2026-08-20 13:15:28] BOT: Thank you for your patience, Aisha. Have a lovely day!
