[2026-08-11 09:14:40] USER: hi, my stand mixer arrived with a cracked bowl
[2026-08-11 09:14:44] BOT: Oh no, I'm so sorry to hear that! A cracked bowl on a brand new mixer is not what you should be dealing with. Don't worry, we'll get this sorted out for you. To get started, could I have your full name?
[2026-08-11 09:15:02] USER: Maya Thornton
[2026-08-11 09:15:05] BOT: Thank you, Maya. And what's the best email address to reach you at?
[2026-08-11 09:15:21] USER: maya.thornton@gmail.com
[2026-08-11 09:15:24] BOT: Perfect. Could you give me your order number? It starts with KC-.
[2026-08-11 09:15:40] USER: KC-20488
[2026-08-11 09:15:43] BOT: Got it. And just to confirm, the item is the stand mixer, correct? Which model was it?
[2026-08-11 09:15:58] USER: the nordic stand mixer, the sage green one
[2026-08-11 09:16:02] BOT: Thank you. Can you tell me a bit more about what went wrong? You mentioned the bowl was cracked when it arrived.
[2026-08-11 09:16:30] USER: yeah the box looked fine but when i took the bowl out there's a crack down the side, about 10cm. mixer itself works
[2026-08-11 09:16:34] BOT: That's really frustrating, I'm sorry. What would you like us to do? We can arrange a refund, a replacement, or something else if you prefer.
[2026-08-11 09:16:48] USER: just a replacement bowl would be great
[2026-08-11 09:16:51] BOT: Absolutely, a replacement bowl it is. Last thing, could I get a phone number in case our team needs to call you?
[2026-08-11 09:17:05] USER: 415 555 0192
[2026-08-11 09:17:10] BOT: Thank you so much, Maya! Your complaint has been filed and someone from our team will be in touch within 2 business days to arrange your replacement bowl. We really appreciate your patience.
COMPLAINT_JSON: {"name": "Maya Thornton", "email": "maya.thornton@gmail.com", "order_number": "KC-20488", "item": "Nordic stand mixer, sage green", "issue": "Bowl arrived with a 10cm crack down the side, mixer itself works", "resolution": "replacement bowl", "phone": "415 555 0192"}
[2026-08-19 14:02:11] USER: hola, mi pedido llegó incompleto, faltan dos tazas
[2026-08-19 14:02:15] BOT: I'm so sorry to hear your order arrived incomplete! Let's get that fixed for you. Could I start with your full name?
[2026-08-19 14:02:40] USER: Lucía Fernández. no hablo mucho inglés
[2026-08-19 14:02:44] BOT: Thank you, Lucía. And what's your email address?
[2026-08-19 14:03:05] USER: lucia.fdez88@hotmail.com. puede escribir en español?
[2026-08-19 14:03:08] BOT: Thanks, Lucía! Could you give me your order number? It starts with KC-.
[2026-08-19 14:03:30] USER: KC-21107
[2026-08-19 14:03:33] BOT: Got it. Which item is the complaint about?
[2026-08-19 14:04:01] USER: el set de tazas de cerámica, son 6 y llegaron 4
[2026-08-19 14:04:05] BOT: I'm sorry about that. Can you tell me more about what went wrong with the ceramic mug set?
[2026-08-19 14:04:20] USER: ya lo dije. faltan dos
[2026-08-19 14:04:24] BOT: Thank you for clarifying. What would you like us to do? We can offer a refund, a replacement, or something else.
[2026-08-19 14:04:50] USER: quiero las dos tazas que faltan
[2026-08-19 14:04:53] BOT: Understood. And finally, a phone number in case we need to call you?
[2026-08-19 14:05:40] USER: olvídalo
[2026-08-19 14:05:44] BOT: No problem at all, Lucía. Whenever you're ready, I'm here to help. Have a lovely day!
